{
    "schemas": [
        "urn:ietf:params:scim:schemas:core:2.0:User",
        "urn:ietf:params:scim:schemas:extension:enterprise:2.0:User"
    ],
    "id": "2819c223-7f76-453a-919d-413861904646",
    "externalId": "701984",
    "userName": "bjensen@example.com",
    "urn:ietf:params:scim:schemas:extension:enterprise:2.0:User": {
        "employeeNumber": "701984",
        "costCenter": "4130",
        "organization": "Universal Studios",
        "division": "Theme Park",
        "department": "Tour Operations",
        "manager": {
            "value": "26118915-6090-4610-87e4-49d8ca9f808d",
            "$ref": "../Users/26118915-6090-4610-87e4-49d8ca9f808d",
            "displayName": "John Smith"
        }
    },
    "meta": {
        "resourceType": "User",
        "created": "2010-01-23T04:56:22Z",
        "lastModified": "2011-05-13T04:42:34Z",
        "version": "W/\"a330bc54f0671c9\"",
        "location": "https://example.com/v2/Users/2819c223-7f76-453a-919d-413861904646"
    }
}