{"phoneNumbers":[{"type":"work","value":"555-555-5555"},{"type":"mobile","value":"555-555-4444"}],"x509Certificates":[{"value":"MIIDQzCCAqygAwIBAgICEAAwDQYJKoZIhvcNAQEFBQAwTjELMAkGA1UEBhMCVVMxEzARBgNVBAgMCkNhbGlmb3JuaWExFDASBgNVBAoMC2V4YW1wbGUuY29tMRQwEgYDVQQDDAtleGFtcGxlLmNvbTAeFw0xMTEwMjIwNjI0MzFaFw0xMjEwMDQwNjI0MzFaMH8xCzAJBgNVBAYTAlVTMRMwEQYDVQQIDApDYWxpZm9ybmlhMRQwEgYDVQQKDAtleGFtcGxlLmNvbTEhMB8GA1UEAwwYTXMuIEJhcmJhcmEgSiBKZW5zZW4gSUlJMSIwIAYJKoZIhvcNAQkBFhNiamVuc2VuQGV4YW1wbGUuY29tMIIBIjANBgkqhkiG9w0BAQEFAAOCAQ8AMIIBCgKCAQEA7Kr+Dcds/JQ5GwejJFcBIP682X3xpjis56AK02bc1FLgzdLI8auoR+cC9/Vrh5t66HkQIOdA4unHh0AaZ4xL5PhVbXIPMB5vAPKpzz5iPSi8xO8SL7I7SDhcBVJhqVqr3HgllEG6UClDdHO7nkLuwXq8HcISKkbT5WFTVfFZzidPl8HZ7DhXkZIRtJwBweq4bvm3hM1Os7UQH05ZS6cVDgweKNwdLLrT51ikSQG3DYrl+ft781UQRIqxgwqCfXEuDiinPh0kkvIi5jivVu1Z9QiwlYEdRbLJ4zJQBmDrSGTMYn4lRc2HgHO4DqB/bnMVorHB0CC6AV1QoFK4GPe1LwIDAQABo3sweTAJBgNVHRMEAjAAMCwGCWCGSAGG+EIBDQQfFh1PcGVuU1NMIEdlbmVyYXRlZCBDZXJ0aWZpY2F0ZTAdBgNVHQ4EFgQU8pD0U0vsZIsaA16lL8En8bx0F/gwHwYDVR0jBBgwFoAUdGeKitcaF7gnzsNwDx708kqaVt0wDQYJKoZIhvcNAQEFBQADgYEAA81SsFnOdYJtNg5Tcq+/ByEDrBgnusx0jloUhByPMEVkoMZ3J7j1ZgI8rAbOkNngX8+pKfTiDz1RC4+dx8oU6Za+4NJXUjlL5CvV6BEYb1+QAEJwitTVvxB/A67g42/vzgAtoRUeDov1+GFiBZ+GNF/cAYKcMtGcrs2i97ZkJMo="}],"externalId":"701984","active":true,"groups":[{"display":"Tour Guides","$ref":"https://example.com/v2/Groups/e9e30dba-f08f-4109-8486-d5c6a331660a","value":"e9e30dba-f08f-4109-8486-d5c6a331660a"},{"display":"Employees","$ref":"https://example.com/v2/Groups/fc348aa8-3835-40eb-a20b-c726e15c55b5","value":"fc348aa8-3835-40eb-a20b-c726e15c55b5"},{"display":"US Employees","$ref":"https://example.com/v2/Groups/71ddacd2-a8e7-49b8-a5db-ae50d0a5bfd7","value":"71ddacd2-a8e7-49b8-a5db-ae50d0a5bfd7"}],"locale":"en-US","password":"t1meMa$heen","id":"2819c223-7f76-453a-919d-413861904646","displayName":"Babs Jensen","ims":[{"type":"aim","value":"someaimhandle"}],"photos":[{"type":"photo","value":"https://photos.example.com/profilephoto/72930000000Ccne/F"},{"type":"thumbnail","value":"https://photos.example.com/profilephoto/72930000000Ccne/T"}],"userName":"bjensen@example.com","userType":"Employee","meta":{"resourceType":"User","created":"2010-01-23T04:56:22Z","lastModified":"2011-05-13T04:42:34Z","location":"https://example.com/v2/Users/2819c223-7f76-453a-919d-413861904646","version":"W/\"a330bc54f0671c9\""},"schemas":["urn:ietf:params:scim:schemas:core:2.0:User"],"emails":[{"type":"work","primary":true,"value":"bjensen@example.com"},{"type":"home","value":"babs@jensen.org"}],"profileUrl":"https://login.example.com/bjensen","preferredLanguage":"en-US","addresses":[{"type":"work","primary":true,"country":"USA","formatted":"100 Universal City Plaza\nHollywood, CA 91608 USA","locality":"Hollywood","postalCode":"91608","region":"CA","streetAddress":"100 Universal City Plaza"},{"type":"home","country":"USA","formatted":"456 Hollywood Blvd\nHollywood, CA 91608 USA","locality":"Hollywood","postalCode":"91608","region":"CA","streetAddress":"456 Hollywood Blvd"}],"name":{"formatted":"Ms. Barbara J Jensen, III","familyName":"Jensen","givenName":"Barbara","middleName":"Jane","honorificPrefix":"Ms.","honorificSuffix":"III"},"nickName":"Babs","timezone":"America/Los_Angeles","title":"Tour Guide"}